Completion shell checks (ubuntu-latest)	Set up job	﻿2026-09-30T21:47:36.9486539Z Current runner version: '2.337.0'
Completion shell checks (ubuntu-latest)	Set up job	2026-09-30T21:47:36.9507100Z ##[group]Runner Image Provisioner
Completion shell checks (ubuntu-latest)	Set up job	2026-09-30T21:47:36.9507845Z Hosted Compute Agent
Completion shell checks (ubuntu-latest)	Set up job	2026-09-30T21:47:36.9508307Z Version: 20260901.588
Completion shell checks (ubuntu-latest)	Set up job	2026-09-30T21:47:36.9508754Z Commit: f88ec8081b781fac6c440065ac7ff9e710ce3d0b
Completion shell checks (ubuntu-latest)	Set up job	2026-09-30T21:47:36.9509277Z Build Date: 2026-09-01T19:56:44Z
Completion shell checks (ubuntu-latest)	Set up job	2026-09-30T21:47:36.9509748Z Worker ID: {e0d3f51a-3ac6-4377-8e41-bb30b26c92ba}
Completion shell checks (ubuntu-latest)	Set up job	2026-09-30T21:47:36.9510256Z Azure Region: centralus
Completion shell checks (ubuntu-latest)	Set up job	2026-09-30T21:47:36.9510675Z ##[endgroup]
Completion shell checks (ubuntu-latest)	Set up job	2026-09-30T21:47:36.9511556Z ##[group]Operating System
Completion shell checks (ubuntu-latest)	Set up job	2026-09-30T21:47:36.9512001Z Ubuntu
Completion shell checks (ubuntu-latest)	Set up job	2026-09-30T21:47:36.9512360Z 24.04.5
Completion shell checks (ubuntu-latest)	Set up job	2026-09-30T21:47:36.9512726Z LTS
Completion shell checks (ubuntu-latest)	Set up job	2026-09-30T21:47:36.9513140Z ##[endgroup]
Completion shell checks (ubuntu-latest)	Set up job	2026-09-30T21:47:36.9513511Z ##[group]Runner Image
Completion shell checks (ubuntu-latest)	Set up job	2026-09-30T21:47:36.9513937Z Image: ubuntu-24.04
Completion shell checks (ubuntu-latest)	Set up job	2026-09-30T21:47:36.9514607Z Version: 20260927.320.1
Completion shell checks (ubuntu-latest)	Set up job	2026-09-30T21:47:36.9515383Z Included Software: https://github.com/actions/runner-images/blob/ubuntu24/20260927.320/images/ubuntu/Ubuntu2404-Readme.md
Completion shell checks (ubuntu-latest)	Set up job	2026-09-30T21:47:36.9516654Z Image Release: https://github.com/actions/runner-images/releases/tag/ubuntu24%2F20260927.320
Completion shell checks (ubuntu-latest)	Set up job	2026-09-30T21:47:36.9517382Z ##[endgroup]
Completion shell checks (ubuntu-latest)	Set up job	2026-09-30T21:47:36.9518132Z ##[group]GITHUB_TOKEN Permissions
Completion shell checks (ubuntu-latest)	Set up job	2026-09-30T21:47:36.9519944Z Contents: read
Completion shell checks (ubuntu-latest)	Set up job	2026-09-30T21:47:36.9520346Z Metadata: read
Completion shell checks (ubuntu-latest)	Set up job	2026-09-30T21:47:36.9520739Z ##[endgroup]
Completion shell checks (ubuntu-latest)	Set up job	2026-09-30T21:47:36.9522233Z Secret source: Actions
Completion shell checks (ubuntu-latest)	Set up job	2026-09-30T21:47:36.9522892Z Cache mode: write
Completion shell checks (ubuntu-latest)	Set up job	2026-09-30T21:47:36.9523391Z Prepare workflow directory
Completion shell checks (ubuntu-latest)	Set up job	2026-09-30T21:47:36.9799348Z Prepare all required actions
Completion shell checks (ubuntu-latest)	Set up job	2026-09-30T21:47:36.9839672Z Getting action download info
Completion shell checks (ubuntu-latest)	Set up job	2026-09-30T21:47:37.2377942Z Download action repository 'actions/checkout@v5' (SHA:fbc6f3992d24b796d5a048ff273f7fcc4a7b6c09)
Completion shell checks (ubuntu-latest)	Set up job	2026-09-30T21:47:37.4547822Z Download action repository 'actions/setup-node@v5' (SHA:a0853c24544627f65ddf259abe73b1d18a591444)
Completion shell checks (ubuntu-latest)	Set up job	2026-09-30T21:47:38.0671007Z Complete job name: Completion shell checks (ubuntu-latest)
Completion shell checks (ubuntu-latest)	Run actions/checkout@v5	﻿2026-09-30T21:47:38.1281431Z ##[group]Run actions/checkout@v5
Completion shell checks (ubuntu-latest)	Run actions/checkout@v5	2026-09-30T21:47:38.1282226Z with:
Completion shell checks (ubuntu-latest)	Run actions/checkout@v5	2026-09-30T21:47:38.1282705Z   repository: service-lasso/service-lasso-cli
Completion shell checks (ubuntu-latest)	Run actions/checkout@v5	2026-09-30T21:47:38.1286817Z   token: ***
Completion shell checks (ubuntu-latest)	Run actions/checkout@v5	2026-09-30T21:47:38.1287307Z   ssh-strict: true
Completion shell checks (ubuntu-latest)	Run actions/checkout@v5	2026-09-30T21:47:38.1287774Z   ssh-user: git
Completion shell checks (ubuntu-latest)	Run actions/checkout@v5	2026-09-30T21:47:38.1288283Z   persist-credentials: true
Completion shell checks (ubuntu-latest)	Run actions/checkout@v5	2026-09-30T21:47:38.1288768Z   clean: true
Completion shell checks (ubuntu-latest)	Run actions/checkout@v5	2026-09-30T21:47:38.1289306Z   sparse-checkout-cone-mode: true
Completion shell checks (ubuntu-latest)	Run actions/checkout@v5	2026-09-30T21:47:38.1289850Z   fetch-depth: 1
Completion shell checks (ubuntu-latest)	Run actions/checkout@v5	2026-09-30T21:47:38.1290295Z   fetch-tags: false
Completion shell checks (ubuntu-latest)	Run actions/checkout@v5	2026-09-30T21:47:38.1290757Z   show-progress: true
Completion shell checks (ubuntu-latest)	Run actions/checkout@v5	2026-09-30T21:47:38.1291222Z   lfs: false
Completion shell checks (ubuntu-latest)	Run actions/checkout@v5	2026-09-30T21:47:38.1291665Z   submodules: false
Completion shell checks (ubuntu-latest)	Run actions/checkout@v5	2026-09-30T21:47:38.1292159Z   set-safe-directory: true
Completion shell checks (ubuntu-latest)	Run actions/checkout@v5	2026-09-30T21:47:38.1292658Z   allow-unsafe-pr-checkout: false
Completion shell checks (ubuntu-latest)	Run actions/checkout@v5	2026-09-30T21:47:38.1293411Z ##[endgroup]
Completion shell checks (ubuntu-latest)	Run actions/checkout@v5	2026-09-30T21:47:38.2157938Z Syncing repository: service-lasso/service-lasso-cli
Completion shell checks (ubuntu-latest)	Run actions/checkout@v5	2026-09-30T21:47:38.2160279Z ##[group]Getting Git version info
Completion shell checks (ubuntu-latest)	Run actions/checkout@v5	2026-09-30T21:47:38.2161249Z Working directory is '/home/runner/work/service-lasso-cli/service-lasso-cli'
Completion shell checks (ubuntu-latest)	Run actions/checkout@v5	2026-09-30T21:47:38.2162893Z [command]/usr/bin/git version
Completion shell checks (ubuntu-latest)	Run actions/checkout@v5	2026-09-30T21:47:38.2163549Z git version 2.55.0
Completion shell checks (ubuntu-latest)	Run actions/checkout@v5	2026-09-30T21:47:38.2178003Z ##[endgroup]
Completion shell checks (ubuntu-latest)	Run actions/checkout@v5	2026-09-30T21:47:38.2188792Z Temporarily overriding HOME='/home/runner/work/_temp/859fc612-5c63-4515-a4f8-bbd307973738' before making global git config changes
Completion shell checks (ubuntu-latest)	Run actions/checkout@v5	2026-09-30T21:47:38.2191158Z Adding repository directory to the temporary git global config as a safe directory
Completion shell checks (ubuntu-latest)	Run actions/checkout@v5	2026-09-30T21:47:38.2192950Z [command]/usr/bin/git config --global --add safe.directory /home/runner/work/service-lasso-cli/service-lasso-cli
Completion shell checks (ubuntu-latest)	Run actions/checkout@v5	2026-09-30T21:47:38.2621438Z Deleting the contents of '/home/runner/work/service-lasso-cli/service-lasso-cli'
Completion shell checks (ubuntu-latest)	Run actions/checkout@v5	2026-09-30T21:47:38.2631762Z ##[group]Initializing the repository
Completion shell checks (ubuntu-latest)	Run actions/checkout@v5	2026-09-30T21:47:38.2633682Z [command]/usr/bin/git init /home/runner/work/service-lasso-cli/service-lasso-cli
Completion shell checks (ubuntu-latest)	Run actions/checkout@v5	2026-09-30T21:47:38.2929369Z hint: Using 'master' as the name for the initial branch. This default branch name
Completion shell checks (ubuntu-latest)	Run actions/checkout@v5	2026-09-30T21:47:38.2930769Z hint: will change to "main" in Git 3.0. To configure the initial branch name
Completion shell checks (ubuntu-latest)	Run actions/checkout@v5	2026-09-30T21:47:38.2931928Z hint: to use in all of your new repositories, which will suppress this warning,
Completion shell checks (ubuntu-latest)	Run actions/checkout@v5	2026-09-30T21:47:38.2932825Z hint: call:
Completion shell checks (ubuntu-latest)	Run actions/checkout@v5	2026-09-30T21:47:38.2933364Z hint:
Completion shell checks (ubuntu-latest)	Run actions/checkout@v5	2026-09-30T21:47:38.2933967Z hint: 	git config --global init.defaultBranch <name>
Completion shell checks (ubuntu-latest)	Run actions/checkout@v5	2026-09-30T21:47:38.2934792Z hint:
Completion shell checks (ubuntu-latest)	Run actions/checkout@v5	2026-09-30T21:47:38.2935501Z hint: Names commonly chosen instead of 'master' are 'main', 'trunk' and
Completion shell checks (ubuntu-latest)	Run actions/checkout@v5	2026-09-30T21:47:38.2936323Z hint: 'development'. The just-created branch can be renamed via this command:
Completion shell checks (ubuntu-latest)	Run actions/checkout@v5	2026-09-30T21:47:38.2937004Z hint:
Completion shell checks (ubuntu-latest)	Run actions/checkout@v5	2026-09-30T21:47:38.2937579Z hint: 	git branch -m <name>
Completion shell checks (ubuntu-latest)	Run actions/checkout@v5	2026-09-30T21:47:38.2938252Z hint:
Completion shell checks (ubuntu-latest)	Run actions/checkout@v5	2026-09-30T21:47:38.2938893Z hint: Disable this message with "git config set advice.defaultBranchName false"
Completion shell checks (ubuntu-latest)	Run actions/checkout@v5	2026-09-30T21:47:38.2939863Z Initialized empty Git repository in /home/runner/work/service-lasso-cli/service-lasso-cli/.git/
Completion shell checks (ubuntu-latest)	Run actions/checkout@v5	2026-09-30T21:47:38.2941630Z [command]/usr/bin/git remote add origin https://github.com/service-lasso/service-lasso-cli
Completion shell checks (ubuntu-latest)	Run actions/checkout@v5	2026-09-30T21:47:38.4007259Z ##[endgroup]
Completion shell checks (ubuntu-latest)	Run actions/checkout@v5	2026-09-30T21:47:38.4008232Z ##[group]Disabling automatic garbage collection
Completion shell checks (ubuntu-latest)	Run actions/checkout@v5	2026-09-30T21:47:38.4010726Z [command]/usr/bin/git config --local gc.auto 0
Completion shell checks (ubuntu-latest)	Run actions/checkout@v5	2026-09-30T21:47:38.4467585Z ##[endgroup]
Completion shell checks (ubuntu-latest)	Run actions/checkout@v5	2026-09-30T21:47:38.4468644Z ##[group]Setting up auth
Completion shell checks (ubuntu-latest)	Run actions/checkout@v5	2026-09-30T21:47:38.4474277Z [command]/usr/bin/git config --local --name-only --get-regexp core\.sshCommand
Completion shell checks (ubuntu-latest)	Run actions/checkout@v5	2026-09-30T21:47:38.4506720Z [command]/usr/bin/git submodule foreach --recursive sh -c "git config --local --name-only --get-regexp 'core\.sshCommand' && git config --local --unset-all 'core.sshCommand' || :"
Completion shell checks (ubuntu-latest)	Run actions/checkout@v5	2026-09-30T21:47:38.4779187Z [command]/usr/bin/git config --local --name-only --get-regexp http\.https\:\/\/github\.com\/\.extraheader
Completion shell checks (ubuntu-latest)	Run actions/checkout@v5	2026-09-30T21:47:38.4803633Z [command]/usr/bin/git submodule foreach --recursive sh -c "git config --local --name-only --get-regexp 'http\.https\:\/\/github\.com\/\.extraheader' && git config --local --unset-all 'http.https://github.com/.extraheader' || :"
Completion shell checks (ubuntu-latest)	Run actions/checkout@v5	2026-09-30T21:47:38.4949776Z [command]/usr/bin/git config --local --name-only --get-regexp ^includeIf\.gitdir:
Completion shell checks (ubuntu-latest)	Run actions/checkout@v5	2026-09-30T21:47:38.4974045Z [command]/usr/bin/git submodule foreach --recursive git config --local --show-origin --name-only --get-regexp remote.origin.url
Completion shell checks (ubuntu-latest)	Run actions/checkout@v5	2026-09-30T21:47:38.5121994Z [command]/usr/bin/git config --local http.https://github.com/.extraheader AUTHORIZATION: basic ***
Completion shell checks (ubuntu-latest)	Run actions/checkout@v5	2026-09-30T21:47:38.6130826Z ##[endgroup]
Completion shell checks (ubuntu-latest)	Run actions/checkout@v5	2026-09-30T21:47:38.6132439Z ##[group]Fetching the repository
Completion shell checks (ubuntu-latest)	Run actions/checkout@v5	2026-09-30T21:47:38.6141427Z [command]/usr/bin/git -c protocol.version=2 fetch --no-tags --prune --no-recurse-submodules --depth=1 origin +67d12c5ccf5abff265d9effd8f5d6ed9c1ad53dd:refs/remotes/pull/25/merge
Completion shell checks (ubuntu-latest)	Run actions/checkout@v5	2026-09-30T21:47:39.2182286Z From https://github.com/service-lasso/service-lasso-cli
Completion shell checks (ubuntu-latest)	Run actions/checkout@v5	2026-09-30T21:47:39.2184665Z  * [new ref]         67d12c5ccf5abff265d9effd8f5d6ed9c1ad53dd -> pull/25/merge
Completion shell checks (ubuntu-latest)	Run actions/checkout@v5	2026-09-30T21:47:39.2189156Z ##[endgroup]
Completion shell checks (ubuntu-latest)	Run actions/checkout@v5	2026-09-30T21:47:39.2191250Z ##[group]Determining the checkout info
Completion shell checks (ubuntu-latest)	Run actions/checkout@v5	2026-09-30T21:47:39.2193526Z ##[endgroup]
Completion shell checks (ubuntu-latest)	Run actions/checkout@v5	2026-09-30T21:47:39.2195486Z [command]/usr/bin/git sparse-checkout disable
Completion shell checks (ubuntu-latest)	Run actions/checkout@v5	2026-09-30T21:47:39.2328160Z [command]/usr/bin/git config --local --unset-all extensions.worktreeConfig
Completion shell checks (ubuntu-latest)	Run actions/checkout@v5	2026-09-30T21:47:39.2720366Z ##[group]Checking out the ref
Completion shell checks (ubuntu-latest)	Run actions/checkout@v5	2026-09-30T21:47:39.2722426Z [command]/usr/bin/git checkout --progress --force refs/remotes/pull/25/merge
Completion shell checks (ubuntu-latest)	Run actions/checkout@v5	2026-09-30T21:47:39.2776598Z Note: switching to 'refs/remotes/pull/25/merge'.
Completion shell checks (ubuntu-latest)	Run actions/checkout@v5	2026-09-30T21:47:39.2777674Z 
Completion shell checks (ubuntu-latest)	Run actions/checkout@v5	2026-09-30T21:47:39.2778338Z You are in 'detached HEAD' state. You can look around, make experimental
Completion shell checks (ubuntu-latest)	Run actions/checkout@v5	2026-09-30T21:47:39.2780283Z changes and commit them, and you can discard any commits you make in this
Completion shell checks (ubuntu-latest)	Run actions/checkout@v5	2026-09-30T21:47:39.2782577Z state without impacting any branches by switching back to a branch.
Completion shell checks (ubuntu-latest)	Run actions/checkout@v5	2026-09-30T21:47:39.2783888Z 
Completion shell checks (ubuntu-latest)	Run actions/checkout@v5	2026-09-30T21:47:39.2784945Z If you want to create a new branch to retain commits you create, you may
Completion shell checks (ubuntu-latest)	Run actions/checkout@v5	2026-09-30T21:47:39.2787166Z do so (now or later) by using -c with the switch command. Example:
Completion shell checks (ubuntu-latest)	Run actions/checkout@v5	2026-09-30T21:47:39.2788876Z 
Completion shell checks (ubuntu-latest)	Run actions/checkout@v5	2026-09-30T21:47:39.2789407Z   git switch -c <new-branch-name>
Completion shell checks (ubuntu-latest)	Run actions/checkout@v5	2026-09-30T21:47:39.2790272Z 
Completion shell checks (ubuntu-latest)	Run actions/checkout@v5	2026-09-30T21:47:39.2790798Z Or undo this operation with:
Completion shell checks (ubuntu-latest)	Run actions/checkout@v5	2026-09-30T21:47:39.2791840Z 
Completion shell checks (ubuntu-latest)	Run actions/checkout@v5	2026-09-30T21:47:39.2792506Z   git switch -
Completion shell checks (ubuntu-latest)	Run actions/checkout@v5	2026-09-30T21:47:39.2793064Z 
Completion shell checks (ubuntu-latest)	Run actions/checkout@v5	2026-09-30T21:47:39.2793868Z Turn off this advice by setting config variable advice.detachedHead to false
Completion shell checks (ubuntu-latest)	Run actions/checkout@v5	2026-09-30T21:47:39.2795131Z 
Completion shell checks (ubuntu-latest)	Run actions/checkout@v5	2026-09-30T21:47:39.2796399Z HEAD is now at 67d12c5 Merge 417633fc525df6e87f25cdf219d87d70d98b23e9 into 56972a00ae80189ca80b53b6e71ce8592707ec01
Completion shell checks (ubuntu-latest)	Run actions/checkout@v5	2026-09-30T21:47:39.2800550Z ##[endgroup]
Completion shell checks (ubuntu-latest)	Run actions/checkout@v5	2026-09-30T21:47:39.2816273Z [command]/usr/bin/git log -1 --format=%H
Completion shell checks (ubuntu-latest)	Run actions/checkout@v5	2026-09-30T21:47:39.2835499Z 67d12c5ccf5abff265d9effd8f5d6ed9c1ad53dd
Completion shell checks (ubuntu-latest)	Run actions/setup-node@v5	﻿2026-09-30T21:47:39.3143137Z ##[group]Run actions/setup-node@v5
Completion shell checks (ubuntu-latest)	Run actions/setup-node@v5	2026-09-30T21:47:39.3144061Z with:
Completion shell checks (ubuntu-latest)	Run actions/setup-node@v5	2026-09-30T21:47:39.3144866Z   node-version: 22
Completion shell checks (ubuntu-latest)	Run actions/setup-node@v5	2026-09-30T21:47:39.3145593Z   cache: npm
Completion shell checks (ubuntu-latest)	Run actions/setup-node@v5	2026-09-30T21:47:39.3146274Z   always-auth: false
Completion shell checks (ubuntu-latest)	Run actions/setup-node@v5	2026-09-30T21:47:39.3147445Z   check-latest: false
Completion shell checks (ubuntu-latest)	Run actions/setup-node@v5	2026-09-30T21:47:39.3154669Z   token: ***
Completion shell checks (ubuntu-latest)	Run actions/setup-node@v5	2026-09-30T21:47:39.3155423Z   package-manager-cache: true
Completion shell checks (ubuntu-latest)	Run actions/setup-node@v5	2026-09-30T21:47:39.3156264Z ##[endgroup]
Completion shell checks (ubuntu-latest)	Run actions/setup-node@v5	2026-09-30T21:47:39.4292547Z Found in cache @ /opt/hostedtoolcache/node/22.23.3/x64
Completion shell checks (ubuntu-latest)	Run actions/setup-node@v5	2026-09-30T21:47:39.4295688Z (node:2074) [DEP0040] DeprecationWarning: The `punycode` module is deprecated. Please use a userland alternative instead.
Completion shell checks (ubuntu-latest)	Run actions/setup-node@v5	2026-09-30T21:47:39.4297860Z (Use `node --trace-deprecation ...` to show where the warning was created)
Completion shell checks (ubuntu-latest)	Run actions/setup-node@v5	2026-09-30T21:47:39.4299987Z ##[group]Environment details
Completion shell checks (ubuntu-latest)	Run actions/setup-node@v5	2026-09-30T21:47:39.7513827Z node: v22.23.3
Completion shell checks (ubuntu-latest)	Run actions/setup-node@v5	2026-09-30T21:47:39.7515015Z npm: 10.9.9
Completion shell checks (ubuntu-latest)	Run actions/setup-node@v5	2026-09-30T21:47:39.7515878Z yarn: 1.22.22
Completion shell checks (ubuntu-latest)	Run actions/setup-node@v5	2026-09-30T21:47:39.7517259Z ##[endgroup]
Completion shell checks (ubuntu-latest)	Run actions/setup-node@v5	2026-09-30T21:47:39.7532381Z [command]/opt/hostedtoolcache/node/22.23.3/x64/bin/npm config get cache
Completion shell checks (ubuntu-latest)	Run actions/setup-node@v5	2026-09-30T21:47:39.8332332Z /home/runner/.npm
Completion shell checks (ubuntu-latest)	Run actions/setup-node@v5	2026-09-30T21:47:39.9943724Z Cache hit for: node-cache-Linux-x64-npm-b81fcac2920b88d35b7de611f360b7b95ea3a484ab102762bb426b763d44c775
Completion shell checks (ubuntu-latest)	Run actions/setup-node@v5	2026-09-30T21:47:40.0019860Z (node:2074) [DEP0169] DeprecationWarning: `url.parse()` behavior is not standardized and prone to errors that have security implications. Use the WHATWG URL API instead. CVEs are not issued for `url.parse()` vulnerabilities.
Completion shell checks (ubuntu-latest)	Run actions/setup-node@v5	2026-09-30T21:47:40.6661314Z Received 4998486 of 4998486 (100.0%), 9.4 MBs/sec
Completion shell checks (ubuntu-latest)	Run actions/setup-node@v5	2026-09-30T21:47:40.6687899Z Cache Size: ~5 MB (4998486 B)
Completion shell checks (ubuntu-latest)	Run actions/setup-node@v5	2026-09-30T21:47:40.6688947Z [command]/usr/bin/tar -xf /home/runner/work/_temp/4080b540-b743-402b-8d2f-d645f381c557/cache.tzst -P -C /home/runner/work/service-lasso-cli/service-lasso-cli --use-compress-program unzstd
Completion shell checks (ubuntu-latest)	Run actions/setup-node@v5	2026-09-30T21:47:40.6803702Z Cache restored successfully
Completion shell checks (ubuntu-latest)	Run actions/setup-node@v5	2026-09-30T21:47:40.6809201Z Cache restored from key: node-cache-Linux-x64-npm-b81fcac2920b88d35b7de611f360b7b95ea3a484ab102762bb426b763d44c775
Completion shell checks (ubuntu-latest)	Run sudo apt-get update && sudo apt-get install --yes zsh	﻿2026-09-30T21:47:40.6924881Z ##[group]Run sudo apt-get update && sudo apt-get install --yes zsh
Completion shell checks (ubuntu-latest)	Run sudo apt-get update && sudo apt-get install --yes zsh	2026-09-30T21:47:40.6925460Z [36;1msudo apt-get update && sudo apt-get install --yes zsh[0m
Completion shell checks (ubuntu-latest)	Run sudo apt-get update && sudo apt-get install --yes zsh	2026-09-30T21:47:40.7088218Z shell: /usr/bin/bash -e {0}
Completion shell checks (ubuntu-latest)	Run sudo apt-get update && sudo apt-get install --yes zsh	2026-09-30T21:47:40.7088615Z ##[endgroup]
Completion shell checks (ubuntu-latest)	Run sudo apt-get update && sudo apt-get install --yes zsh	2026-09-30T21:47:40.7667227Z Get:1 file:/etc/apt/apt-mirrors.txt Mirrorlist [144 B]
Completion shell checks (ubuntu-latest)	Run sudo apt-get update && sudo apt-get install --yes zsh	2026-09-30T21:47:40.8033480Z Hit:2 http://azure.archive.ubuntu.com/ubuntu noble InRelease
Completion shell checks (ubuntu-latest)	Run sudo apt-get update && sudo apt-get install --yes zsh	2026-09-30T21:47:40.8054193Z Get:3 http://azure.archive.ubuntu.com/ubuntu noble-updates InRelease [126 kB]
Completion shell checks (ubuntu-latest)	Run sudo apt-get update && sudo apt-get install --yes zsh	2026-09-30T21:47:40.8076859Z Get:4 http://azure.archive.ubuntu.com/ubuntu noble-backports InRelease [126 kB]
Completion shell checks (ubuntu-latest)	Run sudo apt-get update && sudo apt-get install --yes zsh	2026-09-30T21:47:40.8087044Z Get:5 http://azure.archive.ubuntu.com/ubuntu noble-security InRelease [126 kB]
Completion shell checks (ubuntu-latest)	Run sudo apt-get update && sudo apt-get install --yes zsh	2026-09-30T21:47:40.8147712Z Get:6 https://packages.microsoft.com/ubuntu/24.04/prod noble InRelease [3600 B]
Completion shell checks (ubuntu-latest)	Run sudo apt-get update && sudo apt-get install --yes zsh	2026-09-30T21:47:40.8804487Z Get:7 http://azure.archive.ubuntu.com/ubuntu noble-updates/main amd64 Packages [1338 kB]
Completion shell checks (ubuntu-latest)	Run sudo apt-get update && sudo apt-get install --yes zsh	2026-09-30T21:47:40.8901449Z Get:8 http://azure.archive.ubuntu.com/ubuntu noble-updates/main Translation-en [301 kB]
Completion shell checks (ubuntu-latest)	Run sudo apt-get update && sudo apt-get install --yes zsh	2026-09-30T21:47:40.8917760Z Get:9 http://azure.archive.ubuntu.com/ubuntu noble-updates/main amd64 Components [181 kB]
Completion shell checks (ubuntu-latest)	Run sudo apt-get update && sudo apt-get install --yes zsh	2026-09-30T21:47:40.8936574Z Get:10 http://azure.archive.ubuntu.com/ubuntu noble-updates/universe amd64 Packages [1699 kB]
Completion shell checks (ubuntu-latest)	Run sudo apt-get update && sudo apt-get install --yes zsh	2026-09-30T21:47:40.8992838Z Get:11 http://azure.archive.ubuntu.com/ubuntu noble-updates/universe Translation-en [341 kB]
Completion shell checks (ubuntu-latest)	Run sudo apt-get update && sudo apt-get install --yes zsh	2026-09-30T21:47:40.9010594Z Get:12 http://azure.archive.ubuntu.com/ubuntu noble-updates/universe amd64 Components [388 kB]
Completion shell checks (ubuntu-latest)	Run sudo apt-get update && sudo apt-get install --yes zsh	2026-09-30T21:47:40.9036167Z Get:13 http://azure.archive.ubuntu.com/ubuntu noble-updates/restricted amd64 Packages [1689 kB]
Completion shell checks (ubuntu-latest)	Run sudo apt-get update && sudo apt-get install --yes zsh	2026-09-30T21:47:40.9094674Z Get:14 http://azure.archive.ubuntu.com/ubuntu noble-updates/restricted Translation-en [386 kB]
Completion shell checks (ubuntu-latest)	Run sudo apt-get update && sudo apt-get install --yes zsh	2026-09-30T21:47:40.9127381Z Get:15 http://azure.archive.ubuntu.com/ubuntu noble-updates/multiverse amd64 Components [940 B]
Completion shell checks (ubuntu-latest)	Run sudo apt-get update && sudo apt-get install --yes zsh	2026-09-30T21:47:40.9145534Z Get:16 http://azure.archive.ubuntu.com/ubuntu noble-backports/main amd64 Components [5760 B]
Completion shell checks (ubuntu-latest)	Run sudo apt-get update && sudo apt-get install --yes zsh	2026-09-30T21:47:40.9555762Z Get:17 http://azure.archive.ubuntu.com/ubuntu noble-backports/universe amd64 Components [12.6 kB]
Completion shell checks (ubuntu-latest)	Run sudo apt-get update && sudo apt-get install --yes zsh	2026-09-30T21:47:40.9585913Z Get:18 http://azure.archive.ubuntu.com/ubuntu noble-security/main amd64 Packages [1066 kB]
Completion shell checks (ubuntu-latest)	Run sudo apt-get update && sudo apt-get install --yes zsh	2026-09-30T21:47:40.9608226Z Get:19 http://azure.archive.ubuntu.com/ubuntu noble-security/main Translation-en [220 kB]
Completion shell checks (ubuntu-latest)	Run sudo apt-get update && sudo apt-get install --yes zsh	2026-09-30T21:47:40.9621015Z Get:20 http://azure.archive.ubuntu.com/ubuntu noble-security/main amd64 Components [46.4 kB]
Completion shell checks (ubuntu-latest)	Run sudo apt-get update && sudo apt-get install --yes zsh	2026-09-30T21:47:40.9626656Z Get:21 http://azure.archive.ubuntu.com/ubuntu noble-security/universe amd64 Packages [1216 kB]
Completion shell checks (ubuntu-latest)	Run sudo apt-get update && sudo apt-get install --yes zsh	2026-09-30T21:47:40.9673399Z Get:22 http://azure.archive.ubuntu.com/ubuntu noble-security/universe Translation-en [244 kB]
Completion shell checks (ubuntu-latest)	Run sudo apt-get update && sudo apt-get install --yes zsh	2026-09-30T21:47:40.9685217Z Get:23 http://azure.archive.ubuntu.com/ubuntu noble-security/universe amd64 Components [76.3 kB]
Completion shell checks (ubuntu-latest)	Run sudo apt-get update && sudo apt-get install --yes zsh	2026-09-30T21:47:40.9692938Z Get:24 http://azure.archive.ubuntu.com/ubuntu noble-security/restricted amd64 Packages [1566 kB]
Completion shell checks (ubuntu-latest)	Run sudo apt-get update && sudo apt-get install --yes zsh	2026-09-30T21:47:40.9742997Z Get:26 https://packages.microsoft.com/ubuntu/24.04/prod noble/main amd64 Packages [508 kB]
Completion shell checks (ubuntu-latest)	Run sudo apt-get update && sudo apt-get install --yes zsh	2026-09-30T21:47:40.9751001Z Get:25 http://azure.archive.ubuntu.com/ubuntu noble-security/restricted Translation-en [361 kB]
Completion shell checks (ubuntu-latest)	Run sudo apt-get update && sudo apt-get install --yes zsh	2026-09-30T21:47:40.9849940Z Get:27 https://packages.microsoft.com/ubuntu/24.04/prod noble/main arm64 Packages [456 kB]
Completion shell checks (ubuntu-latest)	Run sudo apt-get update && sudo apt-get install --yes zsh	2026-09-30T21:47:47.3039453Z Fetched 12.5 MB in 1s (11.8 MB/s)
Completion shell checks (ubuntu-latest)	Run sudo apt-get update && sudo apt-get install --yes zsh	2026-09-30T21:47:47.9519937Z Reading package lists...
Completion shell checks (ubuntu-latest)	Run sudo apt-get update && sudo apt-get install --yes zsh	2026-09-30T21:47:47.9801697Z Reading package lists...
Completion shell checks (ubuntu-latest)	Run sudo apt-get update && sudo apt-get install --yes zsh	2026-09-30T21:47:48.1249829Z Building dependency tree...
Completion shell checks (ubuntu-latest)	Run sudo apt-get update && sudo apt-get install --yes zsh	2026-09-30T21:47:48.1256163Z Reading state information...
Completion shell checks (ubuntu-latest)	Run sudo apt-get update && sudo apt-get install --yes zsh	2026-09-30T21:47:48.2662074Z The following additional packages will be installed:
Completion shell checks (ubuntu-latest)	Run sudo apt-get update && sudo apt-get install --yes zsh	2026-09-30T21:47:48.2662825Z   zsh-common
Completion shell checks (ubuntu-latest)	Run sudo apt-get update && sudo apt-get install --yes zsh	2026-09-30T21:47:48.2667997Z Suggested packages:
Completion shell checks (ubuntu-latest)	Run sudo apt-get update && sudo apt-get install --yes zsh	2026-09-30T21:47:48.2668420Z   zsh-doc
Completion shell checks (ubuntu-latest)	Run sudo apt-get update && sudo apt-get install --yes zsh	2026-09-30T21:47:48.2797777Z The following NEW packages will be installed:
Completion shell checks (ubuntu-latest)	Run sudo apt-get update && sudo apt-get install --yes zsh	2026-09-30T21:47:48.2798258Z   zsh zsh-common
Completion shell checks (ubuntu-latest)	Run sudo apt-get update && sudo apt-get install --yes zsh	2026-09-30T21:47:48.2937484Z 0 upgraded, 2 newly installed, 0 to remove and 23 not upgraded.
Completion shell checks (ubuntu-latest)	Run sudo apt-get update && sudo apt-get install --yes zsh	2026-09-30T21:47:48.2938252Z Need to get 4985 kB of archives.
Completion shell checks (ubuntu-latest)	Run sudo apt-get update && sudo apt-get install --yes zsh	2026-09-30T21:47:48.2938751Z After this operation, 19.1 MB of additional disk space will be used.
Completion shell checks (ubuntu-latest)	Run sudo apt-get update && sudo apt-get install --yes zsh	2026-09-30T21:47:48.2939217Z Get:1 file:/etc/apt/apt-mirrors.txt Mirrorlist [144 B]
Completion shell checks (ubuntu-latest)	Run sudo apt-get update && sudo apt-get install --yes zsh	2026-09-30T21:47:48.3613254Z Get:2 http://azure.archive.ubuntu.com/ubuntu noble/main amd64 zsh-common all 5.9-6ubuntu2 [4173 kB]
Completion shell checks (ubuntu-latest)	Run sudo apt-get update && sudo apt-get install --yes zsh	2026-09-30T21:47:48.4299434Z Get:3 http://azure.archive.ubuntu.com/ubuntu noble/main amd64 zsh amd64 5.9-6ubuntu2 [812 kB]
Completion shell checks (ubuntu-latest)	Run sudo apt-get update && sudo apt-get install --yes zsh	2026-09-30T21:47:48.6291075Z Fetched 4985 kB in 0s (33.1 MB/s)
Completion shell checks (ubuntu-latest)	Run sudo apt-get update && sudo apt-get install --yes zsh	2026-09-30T21:47:48.6475451Z Selecting previously unselected package zsh-common.
Completion shell checks (ubuntu-latest)	Run sudo apt-get update && sudo apt-get install --yes zsh	2026-09-30T21:47:48.6647045Z (Reading database ... 
Completion shell checks (ubuntu-latest)	Run sudo apt-get update && sudo apt-get install --yes zsh	2026-09-30T21:47:48.6746654Z (Reading database ... 5%
Completion shell checks (ubuntu-latest)	Run sudo apt-get update && sudo apt-get install --yes zsh	2026-09-30T21:47:48.6746952Z (Reading database ... 10%
Completion shell checks (ubuntu-latest)	Run sudo apt-get update && sudo apt-get install --yes zsh	2026-09-30T21:47:48.6747266Z (Reading database ... 15%
Completion shell checks (ubuntu-latest)	Run sudo apt-get update && sudo apt-get install --yes zsh	2026-09-30T21:47:48.6747518Z (Reading database ... 20%
Completion shell checks (ubuntu-latest)	Run sudo apt-get update && sudo apt-get install --yes zsh	2026-09-30T21:47:48.6747808Z (Reading database ... 25%
Completion shell checks (ubuntu-latest)	Run sudo apt-get update && sudo apt-get install --yes zsh	2026-09-30T21:47:48.6748105Z (Reading database ... 30%
Completion shell checks (ubuntu-latest)	Run sudo apt-get update && sudo apt-get install --yes zsh	2026-09-30T21:47:48.6748363Z (Reading database ... 35%
Completion shell checks (ubuntu-latest)	Run sudo apt-get update && sudo apt-get install --yes zsh	2026-09-30T21:47:48.6748645Z (Reading database ... 40%
Completion shell checks (ubuntu-latest)	Run sudo apt-get update && sudo apt-get install --yes zsh	2026-09-30T21:47:48.6748882Z (Reading database ... 45%
Completion shell checks (ubuntu-latest)	Run sudo apt-get update && sudo apt-get install --yes zsh	2026-09-30T21:47:48.6749575Z (Reading database ... 50%
Completion shell checks (ubuntu-latest)	Run sudo apt-get update && sudo apt-get install --yes zsh	2026-09-30T21:47:48.6749926Z (Reading database ... 55%
Completion shell checks (ubuntu-latest)	Run sudo apt-get update && sudo apt-get install --yes zsh	2026-09-30T21:47:48.7930845Z (Reading database ... 60%
Completion shell checks (ubuntu-latest)	Run sudo apt-get update && sudo apt-get install --yes zsh	2026-09-30T21:47:48.9971982Z (Reading database ... 65%
Completion shell checks (ubuntu-latest)	Run sudo apt-get update && sudo apt-get install --yes zsh	2026-09-30T21:47:49.1884918Z (Reading database ... 70%
Completion shell checks (ubuntu-latest)	Run sudo apt-get update && sudo apt-get install --yes zsh	2026-09-30T21:47:49.3898330Z (Reading database ... 75%
Completion shell checks (ubuntu-latest)	Run sudo apt-get update && sudo apt-get install --yes zsh	2026-09-30T21:47:49.5487915Z (Reading database ... 80%
Completion shell checks (ubuntu-latest)	Run sudo apt-get update && sudo apt-get install --yes zsh	2026-09-30T21:47:49.7352820Z (Reading database ... 85%
Completion shell checks (ubuntu-latest)	Run sudo apt-get update && sudo apt-get install --yes zsh	2026-09-30T21:47:49.9390482Z (Reading database ... 90%
Completion shell checks (ubuntu-latest)	Run sudo apt-get update && sudo apt-get install --yes zsh	2026-09-30T21:47:50.0922010Z (Reading database ... 95%
Completion shell checks (ubuntu-latest)	Run sudo apt-get update && sudo apt-get install --yes zsh	2026-09-30T21:47:50.0922627Z (Reading database ... 100%
Completion shell checks (ubuntu-latest)	Run sudo apt-get update && sudo apt-get install --yes zsh	2026-09-30T21:47:50.0923002Z (Reading database ... 202296 files and directories currently installed.)
Completion shell checks (ubuntu-latest)	Run sudo apt-get update && sudo apt-get install --yes zsh	2026-09-30T21:47:50.0965876Z Preparing to unpack .../zsh-common_5.9-6ubuntu2_all.deb ...
Completion shell checks (ubuntu-latest)	Run sudo apt-get update && sudo apt-get install --yes zsh	2026-09-30T21:47:50.1080965Z Unpacking zsh-common (5.9-6ubuntu2) ...
Completion shell checks (ubuntu-latest)	Run sudo apt-get update && sudo apt-get install --yes zsh	2026-09-30T21:47:50.2966148Z Selecting previously unselected package zsh.
Completion shell checks (ubuntu-latest)	Run sudo apt-get update && sudo apt-get install --yes zsh	2026-09-30T21:47:50.3080601Z Preparing to unpack .../zsh_5.9-6ubuntu2_amd64.deb ...
Completion shell checks (ubuntu-latest)	Run sudo apt-get update && sudo apt-get install --yes zsh	2026-09-30T21:47:50.3129080Z Unpacking zsh (5.9-6ubuntu2) ...
Completion shell checks (ubuntu-latest)	Run sudo apt-get update && sudo apt-get install --yes zsh	2026-09-30T21:47:50.3553810Z Setting up zsh-common (5.9-6ubuntu2) ...
Completion shell checks (ubuntu-latest)	Run sudo apt-get update && sudo apt-get install --yes zsh	2026-09-30T21:47:50.3712321Z Setting up zsh (5.9-6ubuntu2) ...
Completion shell checks (ubuntu-latest)	Run sudo apt-get update && sudo apt-get install --yes zsh	2026-09-30T21:47:50.3788942Z Processing triggers for debianutils (5.17build1) ...
Completion shell checks (ubuntu-latest)	Run sudo apt-get update && sudo apt-get install --yes zsh	2026-09-30T21:47:50.4716503Z Processing triggers for man-db (2.12.0-4build2) ...
Completion shell checks (ubuntu-latest)	Run sudo apt-get update && sudo apt-get install --yes zsh	2026-09-30T21:47:50.4737406Z Not building database; man-db/auto-update is not 'true'.
Completion shell checks (ubuntu-latest)	Run sudo apt-get update && sudo apt-get install --yes zsh	2026-09-30T21:47:50.9093537Z 
Completion shell checks (ubuntu-latest)	Run sudo apt-get update && sudo apt-get install --yes zsh	2026-09-30T21:47:50.9094931Z Running kernel seems to be up-to-date.
Completion shell checks (ubuntu-latest)	Run sudo apt-get update && sudo apt-get install --yes zsh	2026-09-30T21:47:50.9095395Z 
Completion shell checks (ubuntu-latest)	Run sudo apt-get update && sudo apt-get install --yes zsh	2026-09-30T21:47:50.9095614Z No services need to be restarted.
Completion shell checks (ubuntu-latest)	Run sudo apt-get update && sudo apt-get install --yes zsh	2026-09-30T21:47:50.9095789Z 
Completion shell checks (ubuntu-latest)	Run sudo apt-get update && sudo apt-get install --yes zsh	2026-09-30T21:47:50.9096140Z No containers need to be restarted.
Completion shell checks (ubuntu-latest)	Run sudo apt-get update && sudo apt-get install --yes zsh	2026-09-30T21:47:50.9096373Z 
Completion shell checks (ubuntu-latest)	Run sudo apt-get update && sudo apt-get install --yes zsh	2026-09-30T21:47:50.9096564Z No user sessions are running outdated binaries.
Completion shell checks (ubuntu-latest)	Run sudo apt-get update && sudo apt-get install --yes zsh	2026-09-30T21:47:50.9096877Z 
Completion shell checks (ubuntu-latest)	Run sudo apt-get update && sudo apt-get install --yes zsh	2026-09-30T21:47:50.9097217Z No VM guests are running outdated hypervisor (qemu) binaries on this host.
Completion shell checks (ubuntu-latest)	Run npm ci	﻿2026-09-30T21:47:51.6905728Z ##[group]Run npm ci
Completion shell checks (ubuntu-latest)	Run npm ci	2026-09-30T21:47:51.6906103Z [36;1mnpm ci[0m
Completion shell checks (ubuntu-latest)	Run npm ci	2026-09-30T21:47:51.6942474Z shell: /usr/bin/bash -e {0}
Completion shell checks (ubuntu-latest)	Run npm ci	2026-09-30T21:47:51.6942881Z ##[endgroup]
Completion shell checks (ubuntu-latest)	Run npm ci	2026-09-30T21:47:52.3920322Z 
Completion shell checks (ubuntu-latest)	Run npm ci	2026-09-30T21:47:52.3921046Z added 4 packages, and audited 5 packages in 653ms
Completion shell checks (ubuntu-latest)	Run npm ci	2026-09-30T21:47:52.3925962Z 
Completion shell checks (ubuntu-latest)	Run npm ci	2026-09-30T21:47:52.3926154Z found 0 vulnerabilities
Completion shell checks (ubuntu-latest)	Run npm run build	﻿2026-09-30T21:47:52.4150813Z ##[group]Run npm run build
Completion shell checks (ubuntu-latest)	Run npm run build	2026-09-30T21:47:52.4151308Z [36;1mnpm run build[0m
Completion shell checks (ubuntu-latest)	Run npm run build	2026-09-30T21:47:52.4198565Z shell: /usr/bin/bash -e {0}
Completion shell checks (ubuntu-latest)	Run npm run build	2026-09-30T21:47:52.4198958Z ##[endgroup]
Completion shell checks (ubuntu-latest)	Run npm run build	2026-09-30T21:47:52.4952896Z 
Completion shell checks (ubuntu-latest)	Run npm run build	2026-09-30T21:47:52.4953528Z > @service-lasso/cli@0.1.0 build
Completion shell checks (ubuntu-latest)	Run npm run build	2026-09-30T21:47:52.4954079Z > tsc -p tsconfig.json
Completion shell checks (ubuntu-latest)	Run npm run build	2026-09-30T21:47:52.4954253Z 
Completion shell checks (ubuntu-latest)	Run node --test tests/completion.test.js	﻿2026-09-30T21:47:53.3666493Z ##[group]Run node --test tests/completion.test.js
Completion shell checks (ubuntu-latest)	Run node --test tests/completion.test.js	2026-09-30T21:47:53.3666923Z [36;1mnode --test tests/completion.test.js[0m
Completion shell checks (ubuntu-latest)	Run node --test tests/completion.test.js	2026-09-30T21:47:53.3702631Z shell: /usr/bin/bash -e {0}
Completion shell checks (ubuntu-latest)	Run node --test tests/completion.test.js	2026-09-30T21:47:53.3702962Z ##[endgroup]
Completion shell checks (ubuntu-latest)	Run node --test tests/completion.test.js	2026-09-30T21:47:53.4092336Z TAP version 13
Completion shell checks (ubuntu-latest)	Run node --test tests/completion.test.js	2026-09-30T21:47:59.4219162Z # Subtest: completion source is deterministic, read-safe and derived from declared commands
Completion shell checks (ubuntu-latest)	Run node --test tests/completion.test.js	2026-09-30T21:47:59.4221124Z ok 1 - completion source is deterministic, read-safe and derived from declared commands
Completion shell checks (ubuntu-latest)	Run node --test tests/completion.test.js	2026-09-30T21:47:59.4221772Z   ---
Completion shell checks (ubuntu-latest)	Run node --test tests/completion.test.js	2026-09-30T21:47:59.4222471Z   duration_ms: 177.730949
Completion shell checks (ubuntu-latest)	Run node --test tests/completion.test.js	2026-09-30T21:47:59.4222988Z   type: 'test'
Completion shell checks (ubuntu-latest)	Run node --test tests/completion.test.js	2026-09-30T21:47:59.4223424Z   ...
Completion shell checks (ubuntu-latest)	Run node --test tests/completion.test.js	2026-09-30T21:47:59.4224016Z # Subtest: invalid completion shell keeps the stable error contract and emits no script
Completion shell checks (ubuntu-latest)	Run node --test tests/completion.test.js	2026-09-30T21:47:59.4224960Z ok 2 - invalid completion shell keeps the stable error contract and emits no script
Completion shell checks (ubuntu-latest)	Run node --test tests/completion.test.js	2026-09-30T21:47:59.4233675Z   ---
Completion shell checks (ubuntu-latest)	Run node --test tests/completion.test.js	2026-09-30T21:47:59.4234069Z   duration_ms: 36.633955
Completion shell checks (ubuntu-latest)	Run node --test tests/completion.test.js	2026-09-30T21:47:59.4235028Z   type: 'test'
Completion shell checks (ubuntu-latest)	Run node --test tests/completion.test.js	2026-09-30T21:47:59.4235359Z   ...
Completion shell checks (ubuntu-latest)	Run node --test tests/completion.test.js	2026-09-30T21:47:59.4235929Z # Subtest: bash completion follows subcommands, option value positions and --
Completion shell checks (ubuntu-latest)	Run node --test tests/completion.test.js	2026-09-30T21:47:59.4236538Z ok 3 - bash completion follows subcommands, option value positions and --
Completion shell checks (ubuntu-latest)	Run node --test tests/completion.test.js	2026-09-30T21:47:59.4237243Z   ---
Completion shell checks (ubuntu-latest)	Run node --test tests/completion.test.js	2026-09-30T21:47:59.4237524Z   duration_ms: 46.600827
Completion shell checks (ubuntu-latest)	Run node --test tests/completion.test.js	2026-09-30T21:47:59.4237852Z   type: 'test'
Completion shell checks (ubuntu-latest)	Run node --test tests/completion.test.js	2026-09-30T21:47:59.4238165Z   ...
Completion shell checks (ubuntu-latest)	Run node --test tests/completion.test.js	2026-09-30T21:47:59.4250969Z # Subtest: PowerShell completion follows subcommands and --
Completion shell checks (ubuntu-latest)	Run node --test tests/completion.test.js	2026-09-30T21:47:59.4251612Z ok 4 - PowerShell completion follows subcommands and --
Completion shell checks (ubuntu-latest)	Run node --test tests/completion.test.js	2026-09-30T21:47:59.4252090Z   ---
Completion shell checks (ubuntu-latest)	Run node --test tests/completion.test.js	2026-09-30T21:47:59.4252403Z   duration_ms: 3164.709804
Completion shell checks (ubuntu-latest)	Run node --test tests/completion.test.js	2026-09-30T21:47:59.4252688Z   type: 'test'
Completion shell checks (ubuntu-latest)	Run node --test tests/completion.test.js	2026-09-30T21:47:59.4252997Z   ...
Completion shell checks (ubuntu-latest)	Run node --test tests/completion.test.js	2026-09-30T21:47:59.4253381Z # Subtest: zsh completion parses and computes static candidates
Completion shell checks (ubuntu-latest)	Run node --test tests/completion.test.js	2026-09-30T21:47:59.4253915Z not ok 5 - zsh completion parses and computes static candidates
Completion shell checks (ubuntu-latest)	Run node --test tests/completion.test.js	2026-09-30T21:47:59.4254616Z   ---
Completion shell checks (ubuntu-latest)	Run node --test tests/completion.test.js	2026-09-30T21:47:59.4254893Z   duration_ms: 211.403329
Completion shell checks (ubuntu-latest)	Run node --test tests/completion.test.js	2026-09-30T21:47:59.4255232Z   type: 'test'
Completion shell checks (ubuntu-latest)	Run node --test tests/completion.test.js	2026-09-30T21:47:59.4255770Z   location: '/home/runner/work/service-lasso-cli/service-lasso-cli/tests/completion.test.js:56:1'
Completion shell checks (ubuntu-latest)	Run node --test tests/completion.test.js	2026-09-30T21:47:59.4256334Z   failureType: 'testCodeFailure'
Completion shell checks (ubuntu-latest)	Run node --test tests/completion.test.js	2026-09-30T21:47:59.4256708Z   error: |-
Completion shell checks (ubuntu-latest)	Run node --test tests/completion.test.js	2026-09-30T21:47:59.4257056Z     Expected values to be strictly deep-equal:
Completion shell checks (ubuntu-latest)	Run node --test tests/completion.test.js	2026-09-30T21:47:59.4257414Z     + actual - expected
Completion shell checks (ubuntu-latest)	Run node --test tests/completion.test.js	2026-09-30T21:47:59.4257669Z     
Completion shell checks (ubuntu-latest)	Run node --test tests/completion.test.js	2026-09-30T21:47:59.4257944Z       [
Completion shell checks (ubuntu-latest)	Run node --test tests/completion.test.js	2026-09-30T21:47:59.4258191Z     +   'init',
Completion shell checks (ubuntu-latest)	Run node --test tests/completion.test.js	2026-09-30T21:47:59.4258444Z     +   'list',
Completion shell checks (ubuntu-latest)	Run node --test tests/completion.test.js	2026-09-30T21:47:59.4258712Z     +   'operation',
Completion shell checks (ubuntu-latest)	Run node --test tests/completion.test.js	2026-09-30T21:47:59.4259028Z     +   'register',
Completion shell checks (ubuntu-latest)	Run node --test tests/completion.test.js	2026-09-30T21:47:59.4259287Z     +   'restart',
Completion shell checks (ubuntu-latest)	Run node --test tests/completion.test.js	2026-09-30T21:47:59.4259558Z         'start',
Completion shell checks (ubuntu-latest)	Run node --test tests/completion.test.js	2026-09-30T21:47:59.4259828Z         'stop',
Completion shell checks (ubuntu-latest)	Run node --test tests/completion.test.js	2026-09-30T21:47:59.4260094Z     +   '--connection',
Completion shell checks (ubuntu-latest)	Run node --test tests/completion.test.js	2026-09-30T21:47:59.4260376Z     +   '--core-url',
Completion shell checks (ubuntu-latest)	Run node --test tests/completion.test.js	2026-09-30T21:47:59.4260668Z     +   '--version',
Completion shell checks (ubuntu-latest)	Run node --test tests/completion.test.js	2026-09-30T21:47:59.4260924Z     +   '-V',
Completion shell checks (ubuntu-latest)	Run node --test tests/completion.test.js	2026-09-30T21:47:59.4261164Z     +   'after--:9'
Completion shell checks (ubuntu-latest)	Run node --test tests/completion.test.js	2026-09-30T21:47:59.4261475Z     -   'after--:0'
Completion shell checks (ubuntu-latest)	Run node --test tests/completion.test.js	2026-09-30T21:47:59.4261743Z       ]
Completion shell checks (ubuntu-latest)	Run node --test tests/completion.test.js	2026-09-30T21:47:59.4261988Z     
Completion shell checks (ubuntu-latest)	Run node --test tests/completion.test.js	2026-09-30T21:47:59.4262234Z   code: 'ERR_ASSERTION'
Completion shell checks (ubuntu-latest)	Run node --test tests/completion.test.js	2026-09-30T21:47:59.4262534Z   name: 'AssertionError'
Completion shell checks (ubuntu-latest)	Run node --test tests/completion.test.js	2026-09-30T21:47:59.4262820Z   expected:
Completion shell checks (ubuntu-latest)	Run node --test tests/completion.test.js	2026-09-30T21:47:59.4263091Z     0: 'start'
Completion shell checks (ubuntu-latest)	Run node --test tests/completion.test.js	2026-09-30T21:47:59.4263377Z     1: 'stop'
Completion shell checks (ubuntu-latest)	Run node --test tests/completion.test.js	2026-09-30T21:47:59.4263642Z     2: 'after--:0'
Completion shell checks (ubuntu-latest)	Run node --test tests/completion.test.js	2026-09-30T21:47:59.4263889Z   actual:
Completion shell checks (ubuntu-latest)	Run node --test tests/completion.test.js	2026-09-30T21:47:59.4264150Z     0: 'init'
Completion shell checks (ubuntu-latest)	Run node --test tests/completion.test.js	2026-09-30T21:47:59.4264581Z     1: 'list'
Completion shell checks (ubuntu-latest)	Run node --test tests/completion.test.js	2026-09-30T21:47:59.4264881Z     2: 'operation'
Completion shell checks (ubuntu-latest)	Run node --test tests/completion.test.js	2026-09-30T21:47:59.4265142Z     3: 'register'
Completion shell checks (ubuntu-latest)	Run node --test tests/completion.test.js	2026-09-30T21:47:59.4265447Z     4: 'restart'
Completion shell checks (ubuntu-latest)	Run node --test tests/completion.test.js	2026-09-30T21:47:59.4265734Z     5: 'start'
Completion shell checks (ubuntu-latest)	Run node --test tests/completion.test.js	2026-09-30T21:47:59.4265975Z     6: 'stop'
Completion shell checks (ubuntu-latest)	Run node --test tests/completion.test.js	2026-09-30T21:47:59.4266408Z     7: '--connection'
Completion shell checks (ubuntu-latest)	Run node --test tests/completion.test.js	2026-09-30T21:47:59.4266703Z     8: '--core-url'
Completion shell checks (ubuntu-latest)	Run node --test tests/completion.test.js	2026-09-30T21:47:59.4267037Z     9: '--version'
Completion shell checks (ubuntu-latest)	Run node --test tests/completion.test.js	2026-09-30T21:47:59.4267282Z     10: '-V'
Completion shell checks (ubuntu-latest)	Run node --test tests/completion.test.js	2026-09-30T21:47:59.4267517Z     11: 'after--:9'
Completion shell checks (ubuntu-latest)	Run node --test tests/completion.test.js	2026-09-30T21:47:59.4268125Z   operator: 'deepStrictEqual'
Completion shell checks (ubuntu-latest)	Run node --test tests/completion.test.js	2026-09-30T21:47:59.4268405Z   stack: |-
Completion shell checks (ubuntu-latest)	Run node --test tests/completion.test.js	2026-09-30T21:47:59.4269108Z     TestContext.<anonymous> (file:///home/runner/work/service-lasso-cli/service-lasso-cli/tests/completion.test.js:60:10)
Completion shell checks (ubuntu-latest)	Run node --test tests/completion.test.js	2026-09-30T21:47:59.4269823Z     Test.runInAsyncScope (node:async_hooks:214:14)
Completion shell checks (ubuntu-latest)	Run node --test tests/completion.test.js	2026-09-30T21:47:59.4270255Z     Test.run (node:internal/test_runner/test:1047:25)
Completion shell checks (ubuntu-latest)	Run node --test tests/completion.test.js	2026-09-30T21:47:59.4270738Z     Test.processPendingSubtests (node:internal/test_runner/test:744:18)
Completion shell checks (ubuntu-latest)	Run node --test tests/completion.test.js	2026-09-30T21:47:59.4271819Z     Test.postRun (node:internal/test_runner/test:1173:19)
Completion shell checks (ubuntu-latest)	Run node --test tests/completion.test.js	2026-09-30T21:47:59.4272271Z     Test.run (node:internal/test_runner/test:1101:12)
Completion shell checks (ubuntu-latest)	Run node --test tests/completion.test.js	2026-09-30T21:47:59.4272764Z     async Test.processPendingSubtests (node:internal/test_runner/test:744:7)
Completion shell checks (ubuntu-latest)	Run node --test tests/completion.test.js	2026-09-30T21:47:59.4273202Z   ...
Completion shell checks (ubuntu-latest)	Run node --test tests/completion.test.js	2026-09-30T21:47:59.4273778Z # Subtest: zsh bootstrap ignores insecure fpath entries and writes no completion dump
Completion shell checks (ubuntu-latest)	Run node --test tests/completion.test.js	2026-09-30T21:47:59.4274562Z ok 6 - zsh bootstrap ignores insecure fpath entries and writes no completion dump
Completion shell checks (ubuntu-latest)	Run node --test tests/completion.test.js	2026-09-30T21:47:59.4275082Z   ---
Completion shell checks (ubuntu-latest)	Run node --test tests/completion.test.js	2026-09-30T21:47:59.4275355Z   duration_ms: 177.256185
Completion shell checks (ubuntu-latest)	Run node --test tests/completion.test.js	2026-09-30T21:47:59.4275690Z   type: 'test'
Completion shell checks (ubuntu-latest)	Run node --test tests/completion.test.js	2026-09-30T21:47:59.4275987Z   ...
Completion shell checks (ubuntu-latest)	Run node --test tests/completion.test.js	2026-09-30T21:47:59.4293563Z 1..6
Completion shell checks (ubuntu-latest)	Run node --test tests/completion.test.js	2026-09-30T21:47:59.4294056Z # tests 6
Completion shell checks (ubuntu-latest)	Run node --test tests/completion.test.js	2026-09-30T21:47:59.4294444Z # suites 0
Completion shell checks (ubuntu-latest)	Run node --test tests/completion.test.js	2026-09-30T21:47:59.4294710Z # pass 5
Completion shell checks (ubuntu-latest)	Run node --test tests/completion.test.js	2026-09-30T21:47:59.4294978Z # fail 1
Completion shell checks (ubuntu-latest)	Run node --test tests/completion.test.js	2026-09-30T21:47:59.4295234Z # cancelled 0
Completion shell checks (ubuntu-latest)	Run node --test tests/completion.test.js	2026-09-30T21:47:59.4295529Z # skipped 0
Completion shell checks (ubuntu-latest)	Run node --test tests/completion.test.js	2026-09-30T21:47:59.4295739Z # todo 0
Completion shell checks (ubuntu-latest)	Run node --test tests/completion.test.js	2026-09-30T21:47:59.4295978Z # duration_ms 6028.895359
Completion shell checks (ubuntu-latest)	Run node --test tests/completion.test.js	2026-09-30T21:47:59.4342048Z ##[error]Process completed with exit code 1.
Completion shell checks (ubuntu-latest)	Post Run actions/checkout@v5	﻿2026-09-30T21:47:59.4459768Z Post job cleanup.
Completion shell checks (ubuntu-latest)	Post Run actions/checkout@v5	2026-09-30T21:47:59.5095865Z [command]/usr/bin/git version
Completion shell checks (ubuntu-latest)	Post Run actions/checkout@v5	2026-09-30T21:47:59.5123702Z git version 2.55.0
Completion shell checks (ubuntu-latest)	Post Run actions/checkout@v5	2026-09-30T21:47:59.5151679Z Temporarily overriding HOME='/home/runner/work/_temp/404c5cf1-c081-4e53-9074-c04c200a7b33' before making global git config changes
Completion shell checks (ubuntu-latest)	Post Run actions/checkout@v5	2026-09-30T21:47:59.5152838Z Adding repository directory to the temporary git global config as a safe directory
Completion shell checks (ubuntu-latest)	Post Run actions/checkout@v5	2026-09-30T21:47:59.5154075Z [command]/usr/bin/git config --global --add safe.directory /home/runner/work/service-lasso-cli/service-lasso-cli
Completion shell checks (ubuntu-latest)	Post Run actions/checkout@v5	2026-09-30T21:47:59.5186118Z [command]/usr/bin/git config --local --name-only --get-regexp core\.sshCommand
Completion shell checks (ubuntu-latest)	Post Run actions/checkout@v5	2026-09-30T21:47:59.5207080Z [command]/usr/bin/git submodule foreach --recursive sh -c "git config --local --name-only --get-regexp 'core\.sshCommand' && git config --local --unset-all 'core.sshCommand' || :"
Completion shell checks (ubuntu-latest)	Post Run actions/checkout@v5	2026-09-30T21:47:59.5363689Z [command]/usr/bin/git config --local --name-only --get-regexp http\.https\:\/\/github\.com\/\.extraheader
Completion shell checks (ubuntu-latest)	Post Run actions/checkout@v5	2026-09-30T21:47:59.5390026Z http.https://github.com/.extraheader
Completion shell checks (ubuntu-latest)	Post Run actions/checkout@v5	2026-09-30T21:47:59.5400462Z [command]/usr/bin/git config --local --unset-all http.https://github.com/.extraheader
Completion shell checks (ubuntu-latest)	Post Run actions/checkout@v5	2026-09-30T21:47:59.5429824Z [command]/usr/bin/git submodule foreach --recursive sh -c "git config --local --name-only --get-regexp 'http\.https\:\/\/github\.com\/\.extraheader' && git config --local --unset-all 'http.https://github.com/.extraheader' || :"
Completion shell checks (ubuntu-latest)	Post Run actions/checkout@v5	2026-09-30T21:47:59.5624595Z [command]/usr/bin/git config --local --name-only --get-regexp ^includeIf\.gitdir:
Completion shell checks (ubuntu-latest)	Post Run actions/checkout@v5	2026-09-30T21:47:59.5647668Z [command]/usr/bin/git submodule foreach --recursive git config --local --show-origin --name-only --get-regexp remote.origin.url
Completion shell checks (ubuntu-latest)	Complete job	﻿2026-09-30T21:47:59.5913923Z Cleaning up orphan processes
